error TS18003: No inputs were found in config file 'C:/Users/Manasai stanly/Desktop/project x/frontend/tsconfig.node.json'. Specified 'include' paths were '["vite.config.js"]' and 'exclude' paths were '[]'.
src/config.ts(2,34): error TS2339: Property 'env' does not exist on type 'ImportMeta'.
src/context/LanguageContext.tsx(1,54): error TS6133: 'useEffect' is declared but its value is never read.
src/pages/Dashboard.tsx(1,8): error TS6133: 'React' is declared but its value is never read.
src/pages/Dashboard.tsx(5,39): error TS6133: 'VolumeX' is declared but its value is never read.
src/pages/Dashboard.tsx(184,11): error TS6133: 'stopSpeech' is declared but its value is never read.
src/pages/Register.tsx(10,13): error TS6133: 't' is declared but its value is never read.
